{
  "n": 3,
  "rank": 27,
  "total_pairs": 351,
  "physical_jacobian_rows": 810,
  "physical_jacobian_cols": 756,
  "physical_jacobian_rank": 594,
  "physical_tangent_dimension": 162,
  "best_orbit_curvature": 0.33333333333333337,
  "best_orbit_masks": [
    "111"
  ],
  "best_pair_count": 108,
  "chosen_pair": [
    9,
    22
  ],
  "chosen_pair_ijk": [
    [
      1,
      0,
      0
    ],
    [
      2,
      1,
      1
    ]
  ],
  "cube": {
    "I": [
      1,
      2
    ],
    "J": [
      0,
      1
    ],
    "K": [
      0,
      1
    ],
    "removed_schoolbook_channels": [
      9,
      10,
      12,
      13,
      18,
      19,
      21,
      22
    ],
    "kept_schoolbook_channels": [
      0,
      1,
      2,
      3,
      4,
      5,
      6,
      7,
      8,
      11,
      14,
      15,
      16,
      17,
      20,
      23,
      24,
      25,
      26
    ]
  },
  "max_embedded_homotopy_residual": 7.28021923224409e-16,
  "endpoint_active_channels": 26,
  "fused_rank": 26,
  "fused_tensor_residual": 6.280369834735101e-16,
  "rank26_top_first_order_pairs": [
    {
      "r": 2,
      "s": 5,
      "projected_gradient_norm": 0.6666666666666669,
      "collision_value": -0.3333333333333333,
      "sign_u": 1.0,
      "sign_v": -1.0,
      "sign_w": -1.0,
      "amp_r": 1.0,
      "amp_s": 1.0
    },
    {
      "r": 7,
      "s": 12,
      "projected_gradient_norm": 0.6666666666666669,
      "collision_value": -0.3333333333333333,
      "sign_u": 1.0,
      "sign_v": -1.0,
      "sign_w": -1.0,
      "amp_r": 1.0,
      "amp_s": 1.0
    },
    {
      "r": 7,
      "s": 17,
      "projected_gradient_norm": 0.6666666666666669,
      "collision_value": -0.3333333333333333,
      "sign_u": 1.0,
      "sign_v": -1.0,
      "sign_w": -1.0,
      "amp_r": 1.0,
      "amp_s": 1.0
    },
    {
      "r": 9,
      "s": 10,
      "projected_gradient_norm": 0.6666666666666669,
      "collision_value": -0.3333333333333333,
      "sign_u": -1.0,
      "sign_v": 1.0,
      "sign_w": -1.0,
      "amp_r": 1.0,
      "amp_s": 1.0
    },
    {
      "r": 9,
      "s": 14,
      "projected_gradient_norm": 0.6666666666666669,
      "collision_value": -0.3333333333333333,
      "sign_u": -1.0,
      "sign_v": -1.0,
      "sign_w": 1.0,
      "amp_r": 1.0,
      "amp_s": 1.0
    },
    {
      "r": 13,
      "s": 18,
      "projected_gradient_norm": 0.6666666666666669,
      "collision_value": -0.3333333333333333,
      "sign_u": 1.0,
      "sign_v": -1.0,
      "sign_w": -1.0,
      "amp_r": 1.0,
      "amp_s": 1.0
    },
    {
      "r": 14,
      "s": 15,
      "projected_gradient_norm": 0.6666666666666669,
      "collision_value": -0.3333333333333333,
      "sign_u": -1.0,
      "sign_v": 1.0,
      "sign_w": -1.0,
      "amp_r": 1.0,
      "amp_s": 1.0
    },
    {
      "r": 14,
      "s": 18,
      "projected_gradient_norm": 0.6666666666666669,
      "collision_value": -0.3333333333333333,
      "sign_u": -1.0,
      "sign_v": 1.0,
      "sign_w": -1.0,
      "amp_r": 1.0,
      "amp_s": 1.0
    },
    {
      "r": 15,
      "s": 18,
      "projected_gradient_norm": 0.6666666666666669,
      "collision_value": -0.3333333333333333,
      "sign_u": -1.0,
      "sign_v": 1.0,
      "sign_w": -1.0,
      "amp_r": 1.0,
      "amp_s": 1.0
    },
    {
      "r": 0,
      "s": 3,
      "projected_gradient_norm": 0.6666666666666667,
      "collision_value": -0.3333333333333333,
      "sign_u": 1.0,
      "sign_v": -1.0,
      "sign_w": -1.0,
      "amp_r": 1.0,
      "amp_s": 1.0
    },
    {
      "r": 0,
      "s": 6,
      "projected_gradient_norm": 0.6666666666666667,
      "collision_value": -0.3333333333333333,
      "sign_u": 1.0,
      "sign_v": -1.0,
      "sign_w": -1.0,
      "amp_r": 1.0,
      "amp_s": 1.0
    },
    {
      "r": 1,
      "s": 4,
      "projected_gradient_norm": 0.6666666666666667,
      "collision_value": -0.3333333333333333,
      "sign_u": -1.0,
      "sign_v": 1.0,
      "sign_w": -1.0,
      "amp_r": 1.0,
      "amp_s": 1.0
    }
  ]
}
